// Jest Snapshot v1, https://goo.gl/fbAQLP

exports[`When using the draw tool Transitions to creating and creates a shape on pointer down: created draw 1`] = `
TLDrawShape {
  "clone": [Function],
  "getBounds": [Function],
  "getCachedSerialized": [Function],
  "getCenter": [Function],
  "getRotatedBounds": [Function],
  "getSerialized": [Function],
  "hideContextBar": false,
  "hideResizeHandles": false,
  "hideRotateHandle": false,
  "hideSelection": false,
  "hideSelectionDetail": false,
  "hitTestBounds": [Function],
  "hitTestLineSegment": [Function],
  "hitTestPoint": [Function],
  "isAspectRatioLocked": false,
  "isDirty": true,
  "canEdit": false,
  "isResizeFlippedX": false,
  "isResizeFlippedY": false,
  "isStateful": false,
  "lastSerialized": Object {},
  "nonce": 0,
  "normalizedPoints": Array [],
  "onHandleChange": [Function],
  "onResize": [Function],
  "onResizeStart": [Function],
  "props": Object {
    "id": "test_draw",
    "isComplete": false,
    "parentId": "page1",
    "point": Array [
      100,
      100,
    ],
    "points": Array [
      Array [
        0,
        0,
        0.5,
      ],
    ],
    "type": "draw",
  },
  "showCloneHandles": false,
  "canUnmount": false,
  "type": "draw",
  "validateProps": [Function],
  "version": 1,
}
`;
