// Jest Snapshot v1, https://goo.gl/fbAQLP

exports[`When using the box tool Creates a shape and transitions to select.idle after pointer up: created box 1`] = `
TLBoxShape {
  "canChangeAspectRatio": true,
  "canEdit": false,
  "canFlip": true,
  "canResize": true,
  "canScale": true,
  "canUnmount": true,
  "clone": [Function],
  "getBounds": [Function],
  "getCachedSerialized": [Function],
  "getCenter": [Function],
  "getRotatedBounds": [Function],
  "getSerialized": [Function],
  "hideCloneHandles": false,
  "hideContextBar": false,
  "hideResizeHandles": false,
  "hideRotateHandle": false,
  "hideSelection": false,
  "hideSelectionDetail": false,
  "hitTestBounds": [Function],
  "hitTestLineSegment": [Function],
  "hitTestPoint": [Function],
  "isDirty": true,
  "lastSerialized": Object {},
  "nonce": 0,
  "onHandleChange": [Function],
  "onResetBounds": [Function],
  "onResize": [Function],
  "onResizeStart": [Function],
  "props": Object {
    "id": "test_box",
    "parentId": "page",
    "point": Array [
      100,
      100,
      0.5,
    ],
    "scale": Array [
      1,
      1,
    ],
    "size": Array [
      0,
      50,
    ],
    "type": "box",
  },
  "scale": Array [
    1,
    1,
  ],
  "type": "box",
  "validateProps": [Function],
}
`;
