// Jest Snapshot v1, https://goo.gl/fbAQLP

exports[`When using the tool Transitions to creating and creates a dot shape on pointer down: created dot 1`] = `
TLDotShape {
  "canChangeAspectRatio": true,
  "canEdit": false,
  "canFlip": true,
  "canResize": true,
  "canScale": true,
  "canUnmount": true,
  "clone": [Function],
  "getBounds": [Function],
  "getCachedSerialized": [Function],
  "getCenter": [Function],
  "getRotatedBounds": [Function],
  "getSerialized": [Function],
  "hideCloneHandles": false,
  "hideContextBar": false,
  "hideResizeHandles": true,
  "hideRotateHandle": true,
  "hideSelection": true,
  "hideSelectionDetail": true,
  "hitTestBounds": [Function],
  "hitTestLineSegment": [Function],
  "hitTestPoint": [Function],
  "isDirty": true,
  "lastSerialized": Object {},
  "nonce": 0,
  "onHandleChange": [Function],
  "onResetBounds": [Function],
  "onResize": [Function],
  "onResizeStart": [Function],
  "props": Object {
    "id": "test_dot",
    "parentId": "page",
    "point": Array [
      94,
      94,
    ],
    "radius": 6,
    "scale": Array [
      1,
      1,
    ],
    "type": "dot",
  },
  "scale": Array [
    1,
    1,
  ],
  "type": "dot",
  "validateProps": [Function],
}
`;
