// Jest Snapshot v1, https://goo.gl/fbAQLP

exports[`When using the tool Creates a shape and transitions to select.idle after pointer up: created line 1`] = `
TLLineShape {
  "canChangeAspectRatio": true,
  "canEdit": false,
  "canFlip": true,
  "canResize": true,
  "canScale": true,
  "canUnmount": true,
  "clone": [Function],
  "getBounds": [Function],
  "getCachedSerialized": [Function],
  "getCenter": [Function],
  "getRotatedBounds": [Function],
  "getSerialized": [Function],
  "hideCloneHandles": false,
  "hideContextBar": false,
  "hideResizeHandles": false,
  "hideRotateHandle": false,
  "hideSelection": false,
  "hideSelectionDetail": false,
  "hitTestBounds": [Function],
  "hitTestLineSegment": [Function],
  "hitTestPoint": [Function],
  "isDirty": true,
  "lastSerialized": Object {},
  "nonce": 0,
  "normalizedHandles": Array [],
  "onHandleChange": [Function],
  "onResetBounds": [Function],
  "onResize": [Function],
  "onResizeStart": [Function],
  "props": Object {
    "handles": Array [
      Object {
        "point": Array [
          0,
          0,
        ],
      },
      Object {
        "point": Array [
          1,
          1,
        ],
      },
    ],
    "id": "test_line",
    "parentId": "page",
    "point": Array [
      100,
      100,
      0.5,
    ],
    "scale": Array [
      1,
      1,
    ],
    "type": "line",
  },
  "scale": Array [
    1,
    1,
  ],
  "type": "line",
  "validateProps": [Function],
}
`;
